/users/marko_stojanovic/qa-gym/.venv/bin/python
Python 3.12.12
Wed May 27 13:53:00 2026       
+-----------------------------------------------------------------------------------------+
| NVIDIA-SMI 590.48.01              Driver Version: 590.48.01      CUDA Version: 13.1     |
+-----------------------------------------+------------------------+----------------------+
| GPU  Name                 Persistence-M | Bus-Id          Disp.A | Volatile Uncorr. ECC |
| Fan  Temp   Perf          Pwr:Usage/Cap |           Memory-Usage | GPU-Util  Compute M. |
|                                         |                        |               MIG M. |
|=========================================+========================+======================|
|   0  NVIDIA GH200 120GB             On  |   00000009:01:00.0 Off |                    0 |
| N/A   24C    P0             86W /  900W |       3MiB /  97871MiB |      0%      Default |
|                                         |                        |             Disabled |
+-----------------------------------------+------------------------+----------------------+
|   1  NVIDIA GH200 120GB             On  |   00000019:01:00.0 Off |                    0 |
| N/A   25C    P0             85W /  900W |       3MiB /  97871MiB |      0%      Default |
|                                         |                        |             Disabled |
+-----------------------------------------+------------------------+----------------------+
|   2  NVIDIA GH200 120GB             On  |   00000029:01:00.0 Off |                    0 |
| N/A   26C    P0             84W /  900W |       3MiB /  97871MiB |      0%      Default |
|                                         |                        |             Disabled |
+-----------------------------------------+------------------------+----------------------+
|   3  NVIDIA GH200 120GB             On  |   00000039:01:00.0 Off |                    0 |
| N/A   24C    P0             86W /  900W |       3MiB /  97871MiB |      0%      Default |
|                                         |                        |             Disabled |
+-----------------------------------------+------------------------+----------------------+

+-----------------------------------------------------------------------------------------+
| Processes:                                                                              |
|  GPU   GI   CI              PID   Type   Process name                        GPU Memory |
|        ID   ID                                                               Usage      |
|=========================================================================================|
|  No running processes found                                                             |
+-----------------------------------------------------------------------------------------+
=== Encoder mode (device=cuda) ===
[pretrain] collecting 800 episodes ...
  [pretrain-collect] episode 80/800
  [pretrain-collect] episode 160/800
  [pretrain-collect] episode 240/800
  [pretrain-collect] episode 320/800
  [pretrain-collect] episode 400/800
  [pretrain-collect] episode 480/800
  [pretrain-collect] episode 560/800
  [pretrain-collect] episode 640/800
  [pretrain-collect] episode 720/800
  [pretrain-collect] episode 800/800
[pretrain] dataset shape: grids=(8000, 15, 10, 10), returns std=0.122
[pretrain] epoch 4/40  loss=0.00134
[pretrain] epoch 8/40  loss=0.00121
[pretrain] epoch 12/40  loss=0.00104
[pretrain] epoch 16/40  loss=0.00097
[pretrain] epoch 20/40  loss=0.00093
[pretrain] epoch 24/40  loss=0.00092
[pretrain] epoch 28/40  loss=0.00098
[pretrain] epoch 32/40  loss=0.00100
[pretrain] epoch 36/40  loss=0.00088
[pretrain] epoch 40/40  loss=0.00090
[pretrain] saved encoder to outputs/slurm/biodiv-2392077/encoder.pt  final_loss=0.00090
=== Pretrain done in 100.9s ===
=== Sanity checks ===
sanity ok
=== Training ===
[init] feature_dim=64, n=100, controller_cand_target=200, nature_cand_target=200

[outer 1/5] running Algorithm 1 ...
[outer 1] theta norm = 0.4297
[outer 1] avg_protected=15.356  avg_developed=6.213  avg_free=4.301 (total value = 25.87)

[outer 2/5] running Algorithm 1 ...
[outer 2] theta norm = 0.6002
[outer 2] avg_protected=15.586  avg_developed=5.863  avg_free=4.421 (total value = 25.87)

[outer 3/5] running Algorithm 1 ...
[outer 3] theta norm = 0.6021
[outer 3] avg_protected=15.438  avg_developed=6.068  avg_free=4.363 (total value = 25.87)

[outer 4/5] running Algorithm 1 ...
[outer 4] theta norm = 0.5994
[outer 4] avg_protected=15.581  avg_developed=5.811  avg_free=4.478 (total value = 25.87)

[outer 5/5] running Algorithm 1 ...
[outer 5] theta norm = 0.6005
[outer 5] avg_protected=15.305  avg_developed=6.269  avg_free=4.295 (total value = 25.87)
=== Training done in 4781.6s ===
=== Action-span diagnostics (full horizon, on-policy) ===
diag t=1: {'controller': {'n_ref': 1288, 'n_cand': 100, 'median_proj_err': 3.8578621195720606e-16, 'p90': 6.056860039888281e-16, 'p95': 6.960029789181765e-16}, 'nature': {'n_ref': 28, 'n_cand': 28, 'median_proj_err': 8.737591199260206e-16, 'p90': 9.24044142597879e-16, 'p95': 9.32638147631546e-16}, 't': 1}
diag t=2: {'controller': {'n_ref': 1282, 'n_cand': 108, 'median_proj_err': 3.509873933133984e-16, 'p90': 4.415029312531146e-16, 'p95': 4.627847286768048e-16}, 'nature': {'n_ref': 50, 'n_cand': 47, 'median_proj_err': 8.154343393273807e-11, 'p90': 5.069385122927934e-10, 'p95': 7.658614439016938e-10}, 't': 2}
diag t=3: {'controller': {'n_ref': 1279, 'n_cand': 106, 'median_proj_err': 2.8995702195206e-16, 'p90': 7.51425885543087e-16, 'p95': 8.439706379970601e-16}, 'nature': {'n_ref': 46, 'n_cand': 37, 'median_proj_err': 3.0946713717609053e-10, 'p90': 2.114928561379761e-09, 'p95': 2.527687686354323e-09}, 't': 3}
diag t=4: {'controller': {'n_ref': 1060, 'n_cand': 87, 'median_proj_err': 2.6358115634184296e-16, 'p90': 3.531123702325914e-16, 'p95': 3.7513222345769887e-16}, 'nature': {'n_ref': 647, 'n_cand': 99, 'median_proj_err': 2.1268641511931449e-16, 'p90': 2.26575966971623e-16, 'p95': 2.3128299829684303e-16}, 't': 4}
diag t=5: {'controller': {'n_ref': 1395, 'n_cand': 108, 'median_proj_err': 8.245914059342764e-16, 'p90': 9.060045364317888e-16, 'p95': 9.304174047348567e-16}, 'nature': {'n_ref': 528, 'n_cand': 112, 'median_proj_err': 4.822064189352245e-10, 'p90': 1.180053401028535e-09, 'p95': 1.5934302409658523e-09}, 't': 5}
diag t=6: {'controller': {'n_ref': 1270, 'n_cand': 102, 'median_proj_err': 1.4397004269493917e-15, 'p90': 1.6009665985655378e-15, 'p95': 1.6320123769505405e-15}, 'nature': {'n_ref': 894, 'n_cand': 114, 'median_proj_err': 2.5989324202584424e-10, 'p90': 1.1469218409793053e-09, 'p95': 1.6570767902183182e-09}, 't': 6}
diag t=7: {'controller': {'n_ref': 1367, 'n_cand': 108, 'median_proj_err': 4.616382961921562e-16, 'p90': 5.558844342128406e-16, 'p95': 5.804014672097661e-16}, 'nature': {'n_ref': 102, 'n_cand': 66, 'median_proj_err': 3.6386908486351785e-10, 'p90': 1.5098396204118077e-09, 'p95': 2.0929877122817163e-09}, 't': 7}
diag t=8: {'controller': {'n_ref': 1493, 'n_cand': 111, 'median_proj_err': 4.803403932392117e-16, 'p90': 5.819186909548762e-16, 'p95': 6.100343399497243e-16}, 'nature': {'n_ref': 49, 'n_cand': 46, 'median_proj_err': 1.8560497833265314e-10, 'p90': 1.2130668076434854e-09, 'p95': 1.4015353249593441e-09}, 't': 8}
diag t=9: {'controller': {'n_ref': 1429, 'n_cand': 109, 'median_proj_err': 7.91081389899947e-16, 'p90': 8.467984627621476e-16, 'p95': 8.633577577071263e-16}, 'nature': {'n_ref': 38, 'n_cand': 37, 'median_proj_err': 8.243555738430852e-11, 'p90': 5.458908298537336e-10, 'p95': 1.1787782249939725e-09}, 't': 9}
diag t=10: {'controller': {'n_ref': 1361, 'n_cand': 108, 'median_proj_err': 8.249081413543537e-16, 'p90': 9.82041805334356e-16, 'p95': 1.0136281605158505e-15}, 'nature': {'n_ref': 642, 'n_cand': 113, 'median_proj_err': 1.4618727533473277e-10, 'p90': 5.522674485516323e-10, 'p95': 6.451451383524034e-10}, 't': 10}
=== All done ===
